{"title":"Implement feature X","link":"http://example.com/trello/feature-x","assigner":"Alice","canPreempt":false,"isCancelled":false,"isCompleted":false,"priority":0,"duration":16,"creationTime":"0001-01-01T00:00:00Z","startTime":"0001-01-01T00:00:00Z","activeIntervals":null,"clock":{"time":"0001-01-01T00:00:00Z"}}